.PHONY: build docker docker.push

build: main.go
	CGO_ENABLED=0 GOOS=linux go build -o TestAdapteradapter .
docker: TestAdapteradapter
	docker build . -t your-repo/TestAdapteradapter:0.1.0
docker.push: 
	docker push your-repo/TestAdapteradapter:0.1.0
