name: TestAdapteradapter
description: Istio TestAdapter out of process adapter
version: 0.1.0
