apiVersion: v1
kind: Service
metadata:
  name: TestAdapteradapter
  labels:
    app: TestAdapteradapter
spec:
  ports:
  - name: http
    port: {{ .Values.service.portNumber }}
  selector:
    app: TestAdapteradapter
